<?xml version="1.0" encoding="UTF-8"?>
<testsuites name="Mocha Tests" time="0.003" tests="10" failures="1">
  <testsuite name="Root Suite" timestamp="2019-08-30T16:21:43" tests="0" failures="0" time="0">
  </testsuite>
  <testsuite name="email regexpr" timestamp="2019-08-30T16:21:43" tests="5" file="C:\Users\senzamicil\source\repos\regexpr\test\test.spec.ts" failures="1" time="0.003">
    <testcase name="email regexpr if abcd@gmail.com should return true" time="0.001" classname="if abcd@gmail.com should return true">
    </testcase>
    <testcase name="email regexpr if adcdd.adfsdf@outlook.it should return true" time="0" classname="if adcdd.adfsdf@outlook.it should return true">
    </testcase>
    <testcase name="email regexpr if a-b@gmail.com should return false" time="0.001" classname="if a-b@gmail.com should return false">
      <failure message="expected true to equal false" type="AssertionError"><![CDATA[AssertionError: expected true to equal false
    at Context.<anonymous> (test\test.spec.ts:22:34)]]></failure>
    </testcase>
    <testcase name="email regexpr if abd@gmail should return false" time="0" classname="if abd@gmail should return false">
    </testcase>
    <testcase name="email regexpr if abdkdf.it should return false" time="0.001" classname="if abdkdf.it should return false">
    </testcase>
  </testsuite>
  <testsuite name="float regexpr" timestamp="2019-08-30T16:21:43" tests="5" file="C:\Users\senzamicil\source\repos\regexpr\test\test.spec.ts" failures="0" time="0">
    <testcase name="float regexpr if -0.2 should return true" time="0" classname="if -0.2 should return true">
    </testcase>
    <testcase name="float regexpr if 0.1 should return true" time="0" classname="if 0.1 should return true">
    </testcase>
    <testcase name="float regexpr if 123.1123 should return true" time="0" classname="if 123.1123 should return true">
    </testcase>
    <testcase name="float regexpr if 1.text should return false" time="0" classname="if 1.text should return false">
    </testcase>
    <testcase name="float regexpr if 333/333 should return false" time="0" classname="if 333/333 should return false">
    </testcase>
  </testsuite>
</testsuites>